// Jest Snapshot v1, https://goo.gl/fbAQLP

exports[`<FilmCard> should render <FilmsContainer/> correctly 1`] = `undefined`;
