// Jest Snapshot v1, https://goo.gl/fbAQLP

exports[`<LoaderComponent/> render should have div with class ldsDualRing 1`] = `null`;

exports[`<LoaderComponent/> render should render LoaderComponent component 1`] = `
<div>
  <div />
</div>
`;
