// Jest Snapshot v1, https://goo.gl/fbAQLP

exports[`<NotFound/> render should render NotFound component 1`] = `
<div>
  <h2>
    FILM NOT FOUND
  </h2>
  <div>
    <img
      alt=""
      src="test-file-stub"
    />
  </div>
</div>
`;
