// Jest Snapshot v1, https://goo.gl/fbAQLP

exports[`<MainContainer /> should renders 1`] = `
<main>
  <NotFound />
</main>
`;
