// Jest Snapshot v1, https://goo.gl/fbAQLP

exports[`App should something 1`] = `ShallowWrapper {}`;
