// Jest Snapshot v1, https://goo.gl/fbAQLP

exports[`< NotFoundPage /> render should render component 1`] = `
<Fragment>
  <Connect(Header)>
    <Connect(SearchBar) />
  </Connect(Header)>
  <NotFound />
</Fragment>
`;
