// Jest Snapshot v1, https://goo.gl/fbAQLP

exports[`<FilmPage> should render <FilmPage/> correctly 1`] = `
<div
  className="filmPage"
>
  <withRouter(Connect(Header))>
    <withRouter(CurrentFilmDescription) />
  </withRouter(Connect(Header))>
  <withRouter(Connect(MainContainer)) />
</div>
`;
